"../../../../../../Users/User/Documents/GitHub/RealtimeClothSimulationinUE4/ClothSimulation/Content/StarterContent/Materials/M_Basic_Wall.uasset" 0
"../../../../../../Users/User/Documents/GitHub/RealtimeClothSimulationinUE4/ClothSimulation/Content/Geometry/Meshes/1M_Cube.uasset" 1
"../../../../../../Users/User/Documents/GitHub/RealtimeClothSimulationinUE4/ClothSimulation/Content/Mannequin/Character/Mesh/UE4_Mannequin_Skeleton.uasset" 2
"../../../../../../Users/User/Documents/GitHub/RealtimeClothSimulationinUE4/ClothSimulation/Content/Mannequin/Animations/ThirdPersonJump_End.uasset" 3
"../../../../../../Users/User/Documents/GitHub/RealtimeClothSimulationinUE4/ClothSimulation/Content/Mannequin/Character/Mesh/SK_Mannequin_Female_PhysicsAsset.uasset" 4
"../../../../../../Users/User/Documents/GitHub/RealtimeClothSimulationinUE4/ClothSimulation/Content/Mannequin/Character/Textures/T_UE4Logo_N.uasset" 5
"../../../../../../Users/User/Documents/GitHub/RealtimeClothSimulationinUE4/ClothSimulation/Content/Mannequin/Character/Textures/T_UE4Logo_Mask.uasset" 6
"../../../../../../Users/User/Documents/GitHub/RealtimeClothSimulationinUE4/ClothSimulation/Content/Mannequin/Character/Textures/T_Male_N.uasset" 7
"../../../../../../Users/User/Documents/GitHub/RealtimeClothSimulationinUE4/ClothSimulation/Content/Mannequin/Character/Textures/T_Male_Mask.uasset" 8
"../../../../../../Users/User/Documents/GitHub/RealtimeClothSimulationinUE4/ClothSimulation/Content/Mannequin/Character/Materials/MaterialLayers/T_ML_Rubber_Blue_01_N.uasset" 9
"../../../../../../Users/User/Documents/GitHub/RealtimeClothSimulationinUE4/ClothSimulation/Content/Mannequin/Character/Materials/MaterialLayers/T_ML_Rubber_Blue_01_D.uasset" 10
"../../../../../../Users/User/Documents/GitHub/RealtimeClothSimulationinUE4/ClothSimulation/Content/Mannequin/Character/Materials/MaterialLayers/T_ML_Aluminum01_N.uasset" 11
"../../../../../../Users/User/Documents/GitHub/RealtimeClothSimulationinUE4/ClothSimulation/Content/Mannequin/Character/Materials/MaterialLayers/T_ML_Aluminum01.uasset" 12
"../../../../../../Users/User/Documents/GitHub/RealtimeClothSimulationinUE4/ClothSimulation/Content/Mannequin/Character/Materials/MaterialLayers/ML_SoftMetal_UE4.uasset" 13
"../../../../../../Users/User/Documents/GitHub/RealtimeClothSimulationinUE4/ClothSimulation/Content/Mannequin/Character/Materials/MaterialLayers/ML_Plastic_Shiny_Beige_LOGO.uasset" 14
"../../../../../../Users/User/Documents/GitHub/RealtimeClothSimulationinUE4/ClothSimulation/Content/Mannequin/Character/Materials/MaterialLayers/ML_Plastic_Shiny_Beige.uasset" 15
"../../../../../../Users/User/Documents/GitHub/RealtimeClothSimulationinUE4/ClothSimulation/Content/Mannequin/Character/Materials/MaterialLayers/ML_GlossyBlack_Latex_UE4.uasset" 16
"../../../Engine/Content/Functions/MaterialLayerFunctions/MatLayerBlend_Simple.uasset" 17
"../../../Engine/Content/Functions/Engine_MaterialFunctions02/Utility/BlendAngleCorrectedNormals.uasset" 18
"../../../Engine/Content/Functions/MaterialLayerFunctions/MatLayerBlend_NormalBlend.uasset" 19
"../../../../../../Users/User/Documents/GitHub/RealtimeClothSimulationinUE4/ClothSimulation/Content/Mannequin/Character/Materials/M_Male_Body.uasset" 20
"../../../../../../Users/User/Documents/GitHub/RealtimeClothSimulationinUE4/ClothSimulation/Content/Mannequin/Character/Materials/M_UE4Man_ChestLogo.uasset" 21
"../../../../../../Users/User/Documents/GitHub/RealtimeClothSimulationinUE4/ClothSimulation/Content/Mannequin/Character/Textures/T_Female_N.uasset" 22
"../../../../../../Users/User/Documents/GitHub/RealtimeClothSimulationinUE4/ClothSimulation/Content/Mannequin/Character/Textures/T_Female_Mask.uasset" 23
"../../../../../../Users/User/Documents/GitHub/RealtimeClothSimulationinUE4/ClothSimulation/Content/Mannequin/Character/Materials/MI_Female_Body.uasset" 24
"../../../../../../Users/User/Documents/GitHub/RealtimeClothSimulationinUE4/ClothSimulation/Content/Mannequin/Character/Mesh/SK_Mannequin_Female.uasset" 25
"../../../../../../Users/User/Documents/GitHub/RealtimeClothSimulationinUE4/ClothSimulation/Content/StarterContent/Architecture/Pillar_50x500.uasset" 26
"../../../../../../Users/User/Documents/GitHub/RealtimeClothSimulationinUE4/ClothSimulation/Content/StarterContent/Architecture/Wall_400x300.uasset" 27
"../../../../../../Users/User/Documents/GitHub/RealtimeClothSimulationinUE4/ClothSimulation/Content/StarterContent/Architecture/Wall_400x400.uasset" 28
"../../../../../../Users/User/Documents/GitHub/RealtimeClothSimulationinUE4/ClothSimulation/Content/StarterContent/Architecture/Wall_500x500.uasset" 29
"../../../../../../Users/User/Documents/GitHub/RealtimeClothSimulationinUE4/ClothSimulation/Content/StarterContent/Architecture/Wall_Door_400x400.uasset" 30
"../../../../../../Users/User/Documents/GitHub/RealtimeClothSimulationinUE4/ClothSimulation/Content/StarterContent/Architecture/Wall_Window_400x400.uasset" 31
"../../../../../../Users/User/Documents/GitHub/RealtimeClothSimulationinUE4/ClothSimulation/Content/StarterContent/Audio/Collapse01.uasset" 32
"../../../../../../Users/User/Documents/GitHub/RealtimeClothSimulationinUE4/ClothSimulation/Content/StarterContent/Audio/Collapse02.uasset" 33
"../../../../../../Users/User/Documents/GitHub/RealtimeClothSimulationinUE4/ClothSimulation/Content/StarterContent/Audio/Explosion01.uasset" 34
"../../../../../../Users/User/Documents/GitHub/RealtimeClothSimulationinUE4/ClothSimulation/Content/StarterContent/Audio/Explosion02.uasset" 35
"../../../../../../Users/User/Documents/GitHub/RealtimeClothSimulationinUE4/ClothSimulation/Content/StarterContent/Audio/Fire01.uasset" 36
"../../../../../../Users/User/Documents/GitHub/RealtimeClothSimulationinUE4/ClothSimulation/Content/StarterContent/Audio/Fire_Sparks01.uasset" 37
"../../../../../../Users/User/Documents/GitHub/RealtimeClothSimulationinUE4/ClothSimulation/Content/StarterContent/Audio/Light01.uasset" 38
"../../../../../../Users/User/Documents/GitHub/RealtimeClothSimulationinUE4/ClothSimulation/Content/StarterContent/Audio/Light01_Cue.uasset" 39
"../../../../../../Users/User/Documents/GitHub/RealtimeClothSimulationinUE4/ClothSimulation/Content/StarterContent/Audio/Light02.uasset" 40
"../../../../../../Users/User/Documents/GitHub/RealtimeClothSimulationinUE4/ClothSimulation/Content/StarterContent/Audio/Light02_Cue.uasset" 41
"../../../../../../Users/User/Documents/GitHub/RealtimeClothSimulationinUE4/ClothSimulation/Content/StarterContent/Audio/Smoke01.uasset" 42
"../../../../../../Users/User/Documents/GitHub/RealtimeClothSimulationinUE4/ClothSimulation/Content/StarterContent/Audio/Starter_Birds01.uasset" 43
"../../../../../../Users/User/Documents/GitHub/RealtimeClothSimulationinUE4/ClothSimulation/Content/StarterContent/Audio/Starter_Music01.uasset" 44
"../../../../../../Users/User/Documents/GitHub/RealtimeClothSimulationinUE4/ClothSimulation/Content/StarterContent/Audio/Starter_Wind05.uasset" 45
"../../../../../../Users/User/Documents/GitHub/RealtimeClothSimulationinUE4/ClothSimulation/Content/StarterContent/Audio/Starter_Wind06.uasset" 46
"../../../../../../Users/User/Documents/GitHub/RealtimeClothSimulationinUE4/ClothSimulation/Content/StarterContent/Audio/Steam01.uasset" 47
"../../../../../../Users/User/Documents/GitHub/RealtimeClothSimulationinUE4/ClothSimulation/Content/StarterContent/Textures/T_Smoke_Tiled_D.uasset" 48
"../../../../../../Users/User/Documents/GitHub/RealtimeClothSimulationinUE4/ClothSimulation/Content/StarterContent/Textures/T_Smoke_SubUV.uasset" 49
"../../../../../../Users/User/Documents/GitHub/RealtimeClothSimulationinUE4/ClothSimulation/Content/StarterContent/Particles/Materials/M_smoke_subUV.uasset" 50
"../../../Engine/Content/Functions/Engine_MaterialFunctions01/Gradient/RadialGradient.uasset" 51
"../../../../../../Users/User/Documents/GitHub/RealtimeClothSimulationinUE4/ClothSimulation/Content/StarterContent/Particles/Materials/M_radial_ramp.uasset" 52
"../../../../../../Users/User/Documents/GitHub/RealtimeClothSimulationinUE4/ClothSimulation/Content/StarterContent/Particles/Materials/m_flare_01.uasset" 53
"../../../../../../Users/User/Documents/GitHub/RealtimeClothSimulationinUE4/ClothSimulation/Content/StarterContent/Textures/T_Explosion_SubUV.uasset" 54
"../../../../../../Users/User/Documents/GitHub/RealtimeClothSimulationinUE4/ClothSimulation/Content/StarterContent/Particles/Materials/M_explosion_subUV.uasset" 55
"../../../../../../Users/User/Documents/GitHub/RealtimeClothSimulationinUE4/ClothSimulation/Content/StarterContent/Textures/T_Burst_M.uasset" 56
"../../../../../../Users/User/Documents/GitHub/RealtimeClothSimulationinUE4/ClothSimulation/Content/StarterContent/Particles/Materials/M_Burst.uasset" 57
"../../../../../../Users/User/Documents/GitHub/RealtimeClothSimulationinUE4/ClothSimulation/Content/StarterContent/Particles/P_Explosion.uasset" 58
"../../../../../../Users/User/Documents/GitHub/RealtimeClothSimulationinUE4/ClothSimulation/Content/StarterContent/Audio/Explosion_Cue.uasset" 59
"../../../../../../Users/User/Documents/GitHub/RealtimeClothSimulationinUE4/ClothSimulation/Content/StarterContent/Blueprints/Blueprint_Effect_Explosion.uasset" 60
"../../../Engine/Content/EditorMeshes/ColorCalibrator/T_ColorGrid.uasset" 61
"../../../../../../Users/User/Documents/GitHub/RealtimeClothSimulationinUE4/ClothSimulation/Content/StarterContent/Materials/M_ColorGrid_LowSpec.uasset" 62
"../../../../../../Users/User/Documents/GitHub/RealtimeClothSimulationinUE4/ClothSimulation/Content/StarterContent/Textures/T_Bush_N.uasset" 63
"../../../../../../Users/User/Documents/GitHub/RealtimeClothSimulationinUE4/ClothSimulation/Content/StarterContent/Textures/T_Bush_D.uasset" 64
"../../../../../../Users/User/Documents/GitHub/RealtimeClothSimulationinUE4/ClothSimulation/Content/StarterContent/Props/Materials/M_Bush.uasset" 65
"../../../../../../Users/User/Documents/GitHub/RealtimeClothSimulationinUE4/ClothSimulation/Content/StarterContent/Props/SM_Bush.uasset" 66
"../../../../../../Users/User/Documents/GitHub/RealtimeClothSimulationinUE4/ClothSimulation/Content/StarterContent/Textures/T_Chair_N.uasset" 67
"../../../../../../Users/User/Documents/GitHub/RealtimeClothSimulationinUE4/ClothSimulation/Content/StarterContent/Textures/T_Chair_M.uasset" 68
"../../../../../../Users/User/Documents/GitHub/RealtimeClothSimulationinUE4/ClothSimulation/Content/StarterContent/Props/Materials/M_Chair.uasset" 69
"../../../../../../Users/User/Documents/GitHub/RealtimeClothSimulationinUE4/ClothSimulation/Content/StarterContent/Props/SM_Couch.uasset" 70
"../../../../../../Users/User/Documents/GitHub/RealtimeClothSimulationinUE4/ClothSimulation/Content/StarterContent/Materials/M_Glass.uasset" 71
"../../../../../../Users/User/Documents/GitHub/RealtimeClothSimulationinUE4/ClothSimulation/Content/StarterContent/Textures/T_Door_N.uasset" 72
"../../../../../../Users/User/Documents/GitHub/RealtimeClothSimulationinUE4/ClothSimulation/Content/StarterContent/Textures/T_Door_M.uasset" 73
"../../../../../../Users/User/Documents/GitHub/RealtimeClothSimulationinUE4/ClothSimulation/Content/StarterContent/Props/Materials/M_Door.uasset" 74
"../../../../../../Users/User/Documents/GitHub/RealtimeClothSimulationinUE4/ClothSimulation/Content/StarterContent/Props/SM_Door.uasset" 75
"../../../../../../Users/User/Documents/GitHub/RealtimeClothSimulationinUE4/ClothSimulation/Content/StarterContent/Props/Materials/M_MaterialSphere_Plain.uasset" 76
"../../../../../../Users/User/Documents/GitHub/RealtimeClothSimulationinUE4/ClothSimulation/Content/StarterContent/Props/Materials/M_MaterialSphere.uasset" 77
"../../../../../../Users/User/Documents/GitHub/RealtimeClothSimulationinUE4/ClothSimulation/Content/StarterContent/Props/SM_MatPreviewMesh_02.uasset" 78
"../../../../../../Users/User/Documents/GitHub/RealtimeClothSimulationinUE4/ClothSimulation/Content/StarterContent/Textures/T_Rock_Basalt_D.uasset" 79
"../../../../../../Users/User/Documents/GitHub/RealtimeClothSimulationinUE4/ClothSimulation/Content/StarterContent/Textures/T_Detail_Rocky_N.uasset" 80
"../../../../../../Users/User/Documents/GitHub/RealtimeClothSimulationinUE4/ClothSimulation/Content/StarterContent/Textures/T_RockMesh_N.uasset" 81
"../../../../../../Users/User/Documents/GitHub/RealtimeClothSimulationinUE4/ClothSimulation/Content/StarterContent/Textures/T_RockMesh_M.uasset" 82
"../../../../../../Users/User/Documents/GitHub/RealtimeClothSimulationinUE4/ClothSimulation/Content/StarterContent/Props/Materials/M_Rock.uasset" 83
"../../../../../../Users/User/Documents/GitHub/RealtimeClothSimulationinUE4/ClothSimulation/Content/StarterContent/Props/SM_Rock.uasset" 84
"../../../../../../Users/User/Documents/GitHub/RealtimeClothSimulationinUE4/ClothSimulation/Content/StarterContent/Textures/T_Shelf_N.uasset" 85
"../../../../../../Users/User/Documents/GitHub/RealtimeClothSimulationinUE4/ClothSimulation/Content/StarterContent/Textures/T_Shelf_M.uasset" 86
"../../../../../../Users/User/Documents/GitHub/RealtimeClothSimulationinUE4/ClothSimulation/Content/StarterContent/Props/Materials/M_Shelf.uasset" 87
"../../../../../../Users/User/Documents/GitHub/RealtimeClothSimulationinUE4/ClothSimulation/Content/StarterContent/Props/SM_Shelf.uasset" 88
"../../../../../../Users/User/Documents/GitHub/RealtimeClothSimulationinUE4/ClothSimulation/Content/StarterContent/Materials/M_Basic_Floor.uasset" 89
"../../../../../../Users/User/Documents/GitHub/RealtimeClothSimulationinUE4/ClothSimulation/Content/StarterContent/Props/SM_Stairs.uasset" 90
"../../../../../../Users/User/Documents/GitHub/RealtimeClothSimulationinUE4/ClothSimulation/Content/StarterContent/Shapes/Shape_Cone.uasset" 91
"../../../../../../Users/User/Documents/GitHub/RealtimeClothSimulationinUE4/ClothSimulation/Content/StarterContent/Shapes/Shape_Cylinder.uasset" 92
"../../../../../../Users/User/Documents/GitHub/RealtimeClothSimulationinUE4/ClothSimulation/Content/StarterContent/Shapes/Shape_NarrowCapsule.uasset" 93
"../../../../../../Users/User/Documents/GitHub/RealtimeClothSimulationinUE4/ClothSimulation/Content/StarterContent/Shapes/Shape_Pipe.uasset" 94
"../../../../../../Users/User/Documents/GitHub/RealtimeClothSimulationinUE4/ClothSimulation/Content/StarterContent/Shapes/Shape_Pipe_180.uasset" 95
"../../../../../../Users/User/Documents/GitHub/RealtimeClothSimulationinUE4/ClothSimulation/Content/StarterContent/Shapes/Shape_Pipe_90.uasset" 96
"../../../../../../Users/User/Documents/GitHub/RealtimeClothSimulationinUE4/ClothSimulation/Content/StarterContent/Shapes/Shape_Plane.uasset" 97
"../../../../../../Users/User/Documents/GitHub/RealtimeClothSimulationinUE4/ClothSimulation/Content/StarterContent/Shapes/Shape_Torus.uasset" 98
"../../../../../../Users/User/Documents/GitHub/RealtimeClothSimulationinUE4/ClothSimulation/Content/StarterContent/Shapes/Shape_Trim.uasset" 99
"../../../../../../Users/User/Documents/GitHub/RealtimeClothSimulationinUE4/ClothSimulation/Content/StarterContent/Shapes/Shape_Trim_90_In.uasset" 100
"../../../../../../Users/User/Documents/GitHub/RealtimeClothSimulationinUE4/ClothSimulation/Content/StarterContent/Shapes/Shape_Trim_90_Out.uasset" 101
"../../../../../../Users/User/Documents/GitHub/RealtimeClothSimulationinUE4/ClothSimulation/Content/StarterContent/Shapes/Shape_TriPyramid.uasset" 102
"../../../../../../Users/User/Documents/GitHub/RealtimeClothSimulationinUE4/ClothSimulation/Content/StarterContent/Shapes/Shape_Tube.uasset" 103
"../../../../../../Users/User/Documents/GitHub/RealtimeClothSimulationinUE4/ClothSimulation/Content/StarterContent/Shapes/Shape_Wedge_A.uasset" 104
"../../../../../../Users/User/Documents/GitHub/RealtimeClothSimulationinUE4/ClothSimulation/Content/StarterContent/Shapes/Shape_Wedge_B.uasset" 105
"../../../../../../Users/User/Documents/GitHub/RealtimeClothSimulationinUE4/ClothSimulation/Content/StarterContent/Shapes/Shape_WideCapsule.uasset" 106
"../../../../../../Users/User/Documents/GitHub/RealtimeClothSimulationinUE4/ClothSimulation/Content/ThirdPerson/Meshes/RampMaterial.uasset" 107
"../../../../../../Users/User/Documents/GitHub/RealtimeClothSimulationinUE4/ClothSimulation/Content/ThirdPerson/Meshes/Bump_StaticMesh.uasset" 108
"../../../../../../Users/User/Documents/GitHub/RealtimeClothSimulationinUE4/ClothSimulation/Content/ThirdPerson/Meshes/LeftArm_StaticMesh.uasset" 109
"../../../../../../Users/User/Documents/GitHub/RealtimeClothSimulationinUE4/ClothSimulation/Content/ThirdPerson/Meshes/Linear_Stair_StaticMesh.uasset" 110
"../../../../../../Users/User/Documents/GitHub/RealtimeClothSimulationinUE4/ClothSimulation/Content/ThirdPerson/Meshes/Ramp_StaticMesh.uasset" 111
"../../../../../../Users/User/Documents/GitHub/RealtimeClothSimulationinUE4/ClothSimulation/Content/ThirdPerson/Meshes/RightArm_StaticMesh.uasset" 112
"../../../../../../Users/User/Documents/GitHub/RealtimeClothSimulationinUE4/ClothSimulation/Content/ThirdPersonCPP/214.uasset" 113
"../../../../../../Users/User/Documents/GitHub/RealtimeClothSimulationinUE4/ClothSimulation/Content/ThirdPersonCPP/M_Custom_1.uasset" 114
"../../../../../../Users/User/Documents/GitHub/RealtimeClothSimulationinUE4/ClothSimulation/Content/ThirdPersonCPP/Blueprints/NewBlueprint.uasset" 115
"../../../Engine/Content/Animation/DefaultAnimBoneCompressionSettings.uasset" 116
"../../../Engine/Content/Animation/DefaultAnimCurveCompressionSettings.uasset" 117
"../../../Engine/Content/EngineMaterials/T_Default_Material_Grid_N.uasset" 118
"../../../Engine/Content/EngineMaterials/T_Default_Material_Grid_M.uasset" 119
"../../../Engine/Content/Functions/Engine_MaterialFunctions01/Opacity/CameraDepthFade.uasset" 120
"../../../Engine/Content/EngineMaterials/WorldGridMaterial.uasset" 121
"../../../Engine/Content/ArtTools/RenderToTexture/Meshes/S_1_Unit_Plane.uasset" 122
"../../../Engine/Content/EngineMaterials/DefaultMaterial.uasset" 123
"../../../Engine/Content/BasicShapes/Cone.uasset" 124
"../../../Engine/Content/BasicShapes/Cube.uasset" 125
"../../../Engine/Content/BasicShapes/Plane.uasset" 126
"../../../Engine/Content/EditorLandscapeResources/DataLayer.uasset" 127
"../../../Engine/Content/EditorLandscapeResources/DefaultAlphaTexture.uasset" 128
"../../../Engine/Content/EditorMaterials/MAT_Groups_Toggle.uasset" 129
"../../../Engine/Content/EditorMaterials/MAT_Groups_Visibility.uasset" 130
"../../../Engine/Content/EditorMaterials/PreviewShadowIndicator.uasset" 131
"../../../Engine/Content/EditorMaterials/PreviewShadowIndicatorMaterial.uasset" 132
"../../../Engine/Content/EditorMaterials/MatineeGroups/MAT_ColorTrack.uasset" 133
"../../../Engine/Content/EditorMaterials/MatineeGroups/MAT_Groups_Anim.uasset" 134
"../../../Engine/Content/EditorMaterials/MatineeGroups/MAT_Groups_AudioMaster.uasset" 135
"../../../Engine/Content/EditorMaterials/MatineeGroups/MAT_Groups_Director.uasset" 136
"../../../Engine/Content/EditorMaterials/MatineeGroups/MAT_Groups_Event.uasset" 137
"../../../Engine/Content/EditorMaterials/MatineeGroups/MAT_Groups_Fade.uasset" 138
"../../../Engine/Content/EditorMaterials/MatineeGroups/MAT_Groups_Float.uasset" 139
"../../../Engine/Content/EditorMaterials/MatineeGroups/MAT_Groups_Move.uasset" 140
"../../../Engine/Content/EditorMaterials/MatineeGroups/MAT_Groups_Slomo.uasset" 141
"../../../Engine/Content/EditorMaterials/MatineeGroups/MAT_Groups_Sound.uasset" 142
"../../../Engine/Content/EditorMaterials/MatineeGroups/MAT_Groups_Vector.uasset" 143
"../../../Engine/Content/EditorMaterials/ParticleSystems/PSysThumbnail_NoImage.uasset" 144
"../../../Engine/Content/EditorMaterials/ParticleSystems/PSysThumbnail_OOD.uasset" 145
"../../../Engine/Content/EditorMaterials/Camera/CineMat.uasset" 146
"../../../Engine/Content/EditorMaterials/Camera/MI_CineMat_Rig.uasset" 147
"../../../Engine/Content/EditorMeshes/Camera/SM_CraneRig_Arm.uasset" 148
"../../../Engine/Content/EditorMeshes/Camera/SM_CraneRig_Base.uasset" 149
"../../../Engine/Content/EditorMeshes/Camera/SM_CraneRig_Body.uasset" 150
"../../../Engine/Content/EditorMeshes/Camera/SM_CraneRig_Mount.uasset" 151
"../../../Engine/Content/EditorMeshes/Camera/SM_RailRig_Mount.uasset" 152
"../../../Engine/Content/EditorMeshes/Camera/SM_RailRig_Track.uasset" 153
"../../../Engine/Content/EditorResources/BSPVertex.uasset" 154
"../../../Engine/Content/EditorResources/EmptyActor.uasset" 155
"../../../Engine/Content/EditorResources/S_Actor.uasset" 156
"../../../Engine/Content/EditorResources/S_Note.uasset" 157
"../../../Engine/Content/EditorResources/S_Solver.uasset" 158
"../../../Engine/Content/EditorResources/S_Terrain.uasset" 159
"../../../Engine/Content/EditorResources/S_Trigger.uasset" 160
"../../../Engine/Content/EditorResources/AudioIcons/S_AudioComponent.uasset" 161
"../../../Engine/Content/EditorResources/AudioIcons/S_AudioComponent_AutoActivate.uasset" 162
"../../../Engine/Content/EditorResources/LightIcons/S_LightError.uasset" 163
"../../../Engine/Content/EditorResources/SequenceRecorder/Countdown.uasset" 164
"../../../Engine/Content/EditorResources/SequenceRecorder/RecordingIndicator.uasset" 165
"../../../Engine/Content/EngineDamageTypes/DmgTypeBP_Environmental.uasset" 166
"../../../Engine/Content/EngineDebugMaterials/DebugEditorMaterial.uasset" 167
"../../../Engine/Content/EngineDebugMaterials/DebugMeshMaterial.uasset" 168
"../../../Engine/Content/EngineDebugMaterials/M_SimpleUnlitTranslucent.uasset" 169
"../../../Engine/Content/EngineDebugMaterials/VolumeToRender.uasset" 170
"../../../Engine/Content/Functions/Engine_MaterialFunctions02/Utility/CameraDirectionVector.uasset" 171
"../../../Engine/Content/EngineDebugMaterials/M_VolumeRenderSphereTracePP.uasset" 172
"../../../Engine/Content/Functions/Engine_MaterialFunctions01/Shading/ConvertFromDiffSpec.uasset" 173
"../../../Engine/Content/EngineDebugMaterials/VertexColorMaterial.uasset" 174
"../../../Engine/Content/EngineDebugMaterials/WireframeMaterial.uasset" 175
"../../../Engine/Content/EngineFonts/Faces/RobotoRegular.uasset" 176
"../../../Engine/Content/EngineFonts/Faces/RobotoLight.uasset" 177
"../../../Engine/Content/EngineFonts/Faces/RobotoItalic.uasset" 178
"../../../Engine/Content/EngineFonts/Faces/RobotoBoldItalic.uasset" 179
"../../../Engine/Content/EngineFonts/Faces/RobotoBold.uasset" 180
"../../../Engine/Content/EngineFonts/Faces/DroidSansFallback.uasset" 181
"../../../Engine/Content/EngineFonts/Roboto.uasset" 182
"../../../Engine/Content/EngineMaterials/BaseFlattenNormalMap.uasset" 183
"../../../Engine/Content/EngineMaterials/BaseFlattenGrayscaleMap.uasset" 184
"../../../Engine/Content/EngineMaterials/BaseFlattenEmissiveMap.uasset" 185
"../../../Engine/Content/EngineMaterials/BaseFlattenDiffuseMap.uasset" 186
"../../../Engine/Content/EngineMaterials/BaseFlattenMaterial.uasset" 187
"../../../Engine/Content/EngineMaterials/BlueNoise.uasset" 188
"../../../Engine/Content/EngineMaterials/DefaultBloomKernel.uasset" 189
"../../../Engine/Content/EngineMaterials/DefaultBokeh.uasset" 190
"../../../Engine/Content/EngineMaterials/DefaultDiffuse.uasset" 191
"../../../Engine/Content/EngineMaterials/DefaultDeferredDecalMaterial.uasset" 192
"../../../Engine/Content/EngineMaterials/DefaultLightFunctionMaterial.uasset" 193
"../../../Engine/Content/EngineMaterials/DefaultPhysicalMaterial.uasset" 194
"../../../Engine/Content/Functions/Engine_MaterialFunctions02/Utility/BreakOutFloat2Components.uasset" 195
"../../../Engine/Content/EngineMaterials/DefaultPostProcessMaterial.uasset" 196
"../../../Engine/Content/EngineFonts/RobotoDistanceField.uasset" 197
"../../../Engine/Content/EngineMaterials/DefaultTextMaterialOpaque.uasset" 198
"../../../Engine/Content/EngineMaterials/DefaultWhiteGrid.uasset" 199
"../../../Engine/Content/EngineMaterials/DefaultWhiteGrid_Low.uasset" 200
"../../../Engine/Content/EngineMaterials/EmissiveMeshMaterial.uasset" 201
"../../../Engine/Content/EngineMaterials/GizmoMaterial.uasset" 202
"../../../Engine/Content/EngineMaterials/Good64x64TilingNoiseHighFreq.uasset" 203
"../../../Engine/Content/EngineMaterials/MiniFont.uasset" 204
"../../../Engine/Content/EngineMaterials/InvalidLightmapSettings.uasset" 205
"../../../Engine/Content/EngineMaterials/M_InvalidLightmapSettings.uasset" 206
"../../../Engine/Content/Functions/Engine_MaterialFunctions02/WorldPositionOffset/CameraOffset.uasset" 207
"../../../Engine/Content/EngineMaterials/PhAT_JointLimitMaterial.uasset" 208
"../../../Engine/Content/EngineMaterials/PreintegratedSkinBRDF.uasset" 209
"../../../Engine/Content/EngineMaterials/RemoveSurfaceMaterial.uasset" 210
"../../../Engine/Content/EngineMaterials/WeightMapPlaceholderTexture.uasset" 211
"../../../Engine/Content/EngineResources/WhiteSquareTexture.uasset" 212
"../../../Engine/Content/EngineMaterials/Widget3DPassThrough.uasset" 213
"../../../Engine/Content/EngineMaterials/Widget3DPassThrough_Masked.uasset" 214
"../../../Engine/Content/EngineMaterials/Widget3DPassThrough_Opaque.uasset" 215
"../../../Engine/Content/EngineMaterials/Widget3DPassThrough_Masked_OneSided.uasset" 216
"../../../Engine/Content/EngineMaterials/Widget3DPassThrough_Opaque_OneSided.uasset" 217
"../../../Engine/Content/EngineMaterials/Widget3DPassThrough_Translucent.uasset" 218
"../../../Engine/Content/EngineMaterials/Widget3DPassThrough_Translucent_OneSided.uasset" 219
"../../../Engine/Content/EngineMeshes/Cylinder.uasset" 220
"../../../Engine/Content/EngineMeshes/Sphere.uasset" 221
"../../../Engine/Content/EngineResources/Black.uasset" 222
"../../../Engine/Content/EngineResources/DefaultTextureCube.uasset" 223
"../../../Engine/Content/EngineResources/DefaultVolumeTexture2D.uasset" 224
"../../../Engine/Content/EngineResources/DefaultVolumeTexture.uasset" 225
"../../../Engine/Content/EngineResources/GradientTexture0.uasset" 226
"../../../Engine/Content/EngineSky/VolumetricClouds/T_NoiseShape64.uasset" 227
"../../../Engine/Content/EngineSky/VolumetricClouds/T_VolumeNoiseShape64.uasset" 228
"../../../Engine/Content/EngineSky/VolumetricClouds/T_NoiseErosion.uasset" 229
"../../../Engine/Content/EngineSky/VolumetricClouds/T_VolumeNoiseErosion32.uasset" 230
"../../../Engine/Content/EngineSky/VolumetricClouds/CloudWeatherTexture.uasset" 231
"../../../Engine/Content/EngineSky/VolumetricClouds/CloudGradientTexture.uasset" 232
"../../../Engine/Content/Functions/Engine_MaterialFunctions02/Utility/MakeFloat2.uasset" 233
"../../../Engine/Content/EngineSky/VolumetricClouds/m_SimpleVolumetricCloud.uasset" 234
"../../../Engine/Content/EngineSky/VolumetricClouds/m_SimpleVolumetricCloud_Inst.uasset" 235
"../../../Engine/Content/EngineSounds/Master.uasset" 236
"../../../Engine/Content/Functions/Engine_MaterialFunctions01/Shading/PowerToRoughness.uasset" 237
"../../../Engine/Content/Maps/Templates/Thumbnails/Default.uasset" 238
"../../../Engine/Content/Maps/Templates/Thumbnails/TimeOfDay.uasset" 239
"../../../Engine/Content/Maps/Templates/Thumbnails/VR-Basic.uasset" 240
"../../../Engine/Content/MobileResources/T_MobileControls_texture.uasset" 241
"../../../Engine/Content/MobileResources/T_MobileMenu2.uasset" 242
"../../../Engine/Content/MobileResources/HUD/AnalogHat.uasset" 243
"../../../Engine/Content/MobileResources/HUD/VirtualJoystick_Thumb.uasset" 244
"../../../Engine/Content/MobileResources/HUD/VirtualJoystick_Background.uasset" 245
"../../../Engine/Content/MobileResources/HUD/DefaultVirtualJoysticks.uasset" 246
"../../../Engine/Content/MobileResources/HUD/LeftVirtualJoystickOnly.uasset" 247
"../../../Engine/Content/MobileResources/HUD/MobileHUDButton1_off.uasset" 248
"../../../Engine/Content/MobileResources/HUD/MobileHUDButton1_on.uasset" 249
"../../../Engine/Content/MobileResources/HUD/MobileHUDButton2_off.uasset" 250
"../../../Engine/Content/MobileResources/HUD/MobileHUDButton2_on.uasset" 251
"../../../Engine/Content/MobileResources/HUD/MobileHUDButton3.uasset" 252
"../../../Engine/Content/MobileResources/HUD/MobileHUDButtonFire.uasset" 253
"../../../Engine/Content/MobileResources/HUD/MobileHUDDirectionPad.uasset" 254
"../../../Engine/Content/MobileResources/HUD/MobileHUDDirectionPad2.uasset" 255
"../../../Engine/Content/MobileResources/HUD/MobileHUDDirectionPad3.uasset" 256
"../../../Engine/Content/MobileResources/HUD/MobileHUDDirectionStick.uasset" 257
"../../../Engine/Content/MobileResources/HUD/T_Castle_ThumbstickInner.uasset" 258
"../../../Engine/Content/MobileResources/HUD/T_Castle_ThumbstickOutter.uasset" 259
"../../../Engine/Content/Tutorial/ContentIntroCurve.uasset" 260
"../../../Engine/Content/Tutorial/Basics/LevelEditorAttract.uasset" 261
"../../../Engine/Content/Tutorial/Basics/TutorialAssets/icon_tab_Levels_40x.uasset" 262
"../../../Engine/Content/Tutorial/Basics/LevelEditorOverview.uasset" 263
"../../../Engine/Content/Tutorial/BlueprintTutorials/TutorialAssets/Blueprint_64x.uasset" 264
"../../../Engine/Content/Tutorial/BlueprintTutorials/BlueprintEditorTutorial.uasset" 265
"../../../Engine/Content/VREditor/TransformGizmo/TranslucentTransformGizmoMaterial.uasset" 266
"../../../Engine/Content/VREditor/LaserPointer/VR_LaserPower_01.uasset" 267
"../../../Engine/Content/VREditor/TransformGizmo/TransformGizmoMaterial.uasset" 268
"../../../Engine/Content/VREditor/TransformGizmo/BoundingBoxCorner.uasset" 269
"../../../Engine/Content/VREditor/TransformGizmo/BoundingBoxEdge.uasset" 270
"../../../Engine/Content/VREditor/TransformGizmo/PlaneTranslationHandle.uasset" 271
"../../../Engine/Content/VREditor/TransformGizmo/Xray.uasset" 272
"../../../Engine/Content/VREditor/TransformGizmo/Main.uasset" 273
"../../../Engine/Content/VREditor/TransformGizmo/SM_Sequencer_Key.uasset" 274
"../../../Engine/Content/VREditor/TransformGizmo/SM_Sequencer_Node.uasset" 275
"../../Plugins/2D/Paper2D/Content/PlaceholderTextures/DummySpriteTexture.uasset" 276
"../../Plugins/2D/Paper2D/Content/DummySprite.uasset" 277
"../../Plugins/2D/Paper2D/Content/DefaultPaperTerrainMaterial.uasset" 278
"../../Plugins/2D/Paper2D/Content/DefaultSpriteMaterial.uasset" 279
"../../Plugins/2D/Paper2D/Content/MaskedUnlitSpriteMaterial.uasset" 280
"../../Plugins/2D/Paper2D/Content/OpaqueUnlitSpriteMaterial.uasset" 281
"../../../Engine/Content/Functions/Engine_MaterialFunctions02/Utility/BreakOutFloat3Components.uasset" 282
"../../Plugins/Editor/SpeedTreeImporter/Content/SpeedTree9/UnpackInteger3.uasset" 283
"../../Plugins/Editor/SpeedTreeImporter/Content/SpeedTree9/UnpackDirection.uasset" 284
"../../Plugins/Editor/SpeedTreeImporter/Content/SpeedTree9/game_wind_noise.uasset" 285
"../../../Engine/Content/Functions/Engine_MaterialFunctions02/SafeNormalize.uasset" 286
"../../Plugins/Editor/SpeedTreeImporter/Content/SpeedTree9/SpeedTreeWindMotion.uasset" 287
"../../Plugins/Editor/SpeedTreeImporter/Content/SpeedTree9/SpeedTreeBranchMotion.uasset" 288
"../../../Engine/Content/Functions/Engine_MaterialFunctions02/ObjectLocalBounds.uasset" 289
"../../../Engine/Content/Functions/Engine_MaterialFunctions02/UVs/BoundingBoxBased_0-1_UVW.uasset" 290
"../../Plugins/Editor/SpeedTreeImporter/Content/SpeedTree9/SpeedTreeWind.uasset" 291
"../../Plugins/Editor/SpeedTreeImporter/Content/SpeedTree9/SpeedTreeBillboard.uasset" 292
"../../../Engine/Content/EngineResources/DefaultTexture.uasset" 293
"../../Plugins/Editor/SpeedTreeImporter/Content/SpeedTree9/SpeedTreeBillboardMaster.uasset" 294
"../../Plugins/Editor/SpeedTreeImporter/Content/SpeedTree9/SpeedTreeCameraFacing.uasset" 295
"../../Plugins/Editor/SpeedTreeImporter/Content/SpeedTree9/SpeedTreeMaster.uasset" 296
"../../../Engine/Content/BasicShapes/Cylinder.uasset" 297
"../../../Engine/Content/ArtTools/RenderToTexture/Materials/Debug/M_Emissive_Color.uasset" 298
"../../Plugins/Lumin/MagicLeapPassableWorld/Content/MagicLeapARPinInfoActor.uasset" 299
"../../../Engine/Content/Functions/Engine_MaterialFunctions02/Utility/BreakOutFloat4Components.uasset" 300
"../../../Engine/Content/Functions/Engine_MaterialFunctions02/Utility/MakeFloat3.uasset" 301
"../../Plugins/Runtime/Oculus/OculusVR/Content/Materials/OculusMR_ChromaKey.uasset" 302
"../../Plugins/Runtime/Oculus/OculusVR/Content/Materials/OculusMR_OpaqueColoredMaterial.uasset" 303
"../../Plugins/Runtime/Oculus/OculusVR/Content/Materials/PokeAHoleMaterial.uasset" 304
"../../../../../../Users/User/Documents/GitHub/RealtimeClothSimulationinUE4/ClothSimulation/Plugins/VerletClothMeshComponent/Content/Materials/Cloth_Material.uasset" 305
"../../../../../../Users/User/Documents/GitHub/RealtimeClothSimulationinUE4/ClothSimulation/Plugins/VerletClothMeshComponent/Content/Materials/Collider_Material.uasset" 306
"../../../../../../Users/User/Documents/GitHub/RealtimeClothSimulationinUE4/ClothSimulation/Plugins/VerletClothMeshComponent/Content/Meshes/ArcSurfaceMesh.uasset" 307
"../../../../../../Users/User/Documents/GitHub/RealtimeClothSimulationinUE4/ClothSimulation/Plugins/VerletClothMeshComponent/Content/Meshes/GridHighRes.uasset" 308
"../../../../../../Users/User/Documents/GitHub/RealtimeClothSimulationinUE4/ClothSimulation/Plugins/VerletClothMeshComponent/Content/Meshes/GridMidRes.uasset" 309
"../../../../../../Users/User/Documents/GitHub/RealtimeClothSimulationinUE4/ClothSimulation/Content/StarterContent/Textures/T_Metal_Gold_N.uasset" 310
"../../../../../../Users/User/Documents/GitHub/RealtimeClothSimulationinUE4/ClothSimulation/Content/StarterContent/Textures/T_Rock_Marble_Polished_D.uasset" 311
"../../../../../../Users/User/Documents/GitHub/RealtimeClothSimulationinUE4/ClothSimulation/Content/StarterContent/Textures/T_Perlin_Noise_M.uasset" 312
"../../../../../../Users/User/Documents/GitHub/RealtimeClothSimulationinUE4/ClothSimulation/Content/StarterContent/Materials/M_Rock_Marble_Polished.uasset" 313
"../../../../../../Users/User/Documents/GitHub/RealtimeClothSimulationinUE4/ClothSimulation/Plugins/VerletClothMeshComponent/Content/Meshes/StanfordBunnySmooth.uasset" 314
"../../../../../../Users/User/Documents/GitHub/RealtimeClothSimulationinUE4/ClothSimulation/Plugins/VerletClothMeshComponent/Content/Meshes/Torus_Smooth.uasset" 315
"../../../../../../Users/User/Documents/GitHub/RealtimeClothSimulationinUE4/ClothSimulation/Content/StarterContent/Blueprints/Assets/M_LightStage_Arrows.uasset" 316
"../../../../../../Users/User/Documents/GitHub/RealtimeClothSimulationinUE4/ClothSimulation/Content/StarterContent/Blueprints/Assets/SunlightColorLUT.uasset" 317
"../../../../../../Users/User/Documents/GitHub/RealtimeClothSimulationinUE4/ClothSimulation/Content/StarterContent/Blueprints/Assets/FogBrightnessLUT.uasset" 318
"../../../../../../Users/User/Documents/GitHub/RealtimeClothSimulationinUE4/ClothSimulation/Content/StarterContent/HDRI/HDRI_Epic_Courtyard_Daylight.uasset" 319
"../../../../../../Users/User/Documents/GitHub/RealtimeClothSimulationinUE4/ClothSimulation/Content/StarterContent/Blueprints/Assets/SM_Arrows.uasset" 320
"../../../Engine/Content/EditorMaterials/Thumbnails/SkySphereMaterial.uasset" 321
"../../../../../../Users/User/Documents/GitHub/RealtimeClothSimulationinUE4/ClothSimulation/Content/StarterContent/Blueprints/Assets/Skybox.uasset" 322
"../../../Engine/Content/MapTemplates/Sky/DaylightAmbientCubemap.uasset" 323
"../../../../../../Users/User/Documents/GitHub/RealtimeClothSimulationinUE4/ClothSimulation/Content/StarterContent/Blueprints/Assets/M_LightStage_Skybox_Master.uasset" 324
"../../../../../../Users/User/Documents/GitHub/RealtimeClothSimulationinUE4/ClothSimulation/Content/StarterContent/Blueprints/Assets/M_LightStage_Skybox_HDRI.uasset" 325
"../../../../../../Users/User/Documents/GitHub/RealtimeClothSimulationinUE4/ClothSimulation/Content/StarterContent/Blueprints/Assets/M_LightStage_Skybox_Black.uasset" 326
"../../../../../../Users/User/Documents/GitHub/RealtimeClothSimulationinUE4/ClothSimulation/Content/StarterContent/Blueprints/BP_LightStudio.uasset" 327
"../../../../../../Users/User/Documents/GitHub/RealtimeClothSimulationinUE4/ClothSimulation/Content/StarterContent/Materials/M_AssetPlatform.uasset" 328
"../../../../../../Users/User/Documents/GitHub/RealtimeClothSimulationinUE4/ClothSimulation/Content/StarterContent/Architecture/SM_AssetPlatform.uasset" 329
"../../../Engine/Content/EditorMeshes/ColorCalibrator/M_GreyBall.uasset" 330
"../../../Engine/Content/EditorMeshes/ColorCalibrator/Color_checker.uasset" 331
"../../../Engine/Content/EditorMeshes/ColorCalibrator/M_ColorGrid.uasset" 332
"../../../Engine/Content/EditorMeshes/ColorCalibrator/M_ClearCoatBlack.uasset" 333
"../../../Engine/Content/EditorMeshes/ColorCalibrator/M_ClearCoat.uasset" 334
"../../../Engine/Content/EditorMeshes/ColorCalibrator/M_ChromeBall.uasset" 335
"../../../Engine/Content/EditorMeshes/ColorCalibrator/SM_ColorCalibrator.uasset" 336
"../../../../../../Users/User/Documents/GitHub/RealtimeClothSimulationinUE4/ClothSimulation/Content/StarterContent/Maps/Advanced_Lighting_BuiltData.uasset" 337
"../../../../../../Users/User/Documents/GitHub/RealtimeClothSimulationinUE4/ClothSimulation/Content/StarterContent/Maps/Advanced_Lighting.umap" 338
"../../../../../../Users/User/Documents/GitHub/RealtimeClothSimulationinUE4/ClothSimulation/Content/StarterContent/Audio/Starter_Background_Cue.uasset" 339
"../../../../../../Users/User/Documents/GitHub/RealtimeClothSimulationinUE4/ClothSimulation/Content/StarterContent/Architecture/Floor_400x400.uasset" 340
"../../../../../../Users/User/Documents/GitHub/RealtimeClothSimulationinUE4/ClothSimulation/Content/StarterContent/Textures/T_TableRound_N.uasset" 341
"../../../../../../Users/User/Documents/GitHub/RealtimeClothSimulationinUE4/ClothSimulation/Content/StarterContent/Textures/T_TableRound_M.uasset" 342
"../../../../../../Users/User/Documents/GitHub/RealtimeClothSimulationinUE4/ClothSimulation/Content/StarterContent/Props/Materials/M_TableRound.uasset" 343
"../../../../../../Users/User/Documents/GitHub/RealtimeClothSimulationinUE4/ClothSimulation/Content/StarterContent/Props/SM_TableRound.uasset" 344
"../../../../../../Users/User/Documents/GitHub/RealtimeClothSimulationinUE4/ClothSimulation/Content/StarterContent/Textures/T_Statue_N.uasset" 345
"../../../../../../Users/User/Documents/GitHub/RealtimeClothSimulationinUE4/ClothSimulation/Content/StarterContent/Textures/T_Statue_M.uasset" 346
"../../../../../../Users/User/Documents/GitHub/RealtimeClothSimulationinUE4/ClothSimulation/Content/StarterContent/Props/Materials/M_Statue.uasset" 347
"../../../../../../Users/User/Documents/GitHub/RealtimeClothSimulationinUE4/ClothSimulation/Content/StarterContent/Props/Materials/M_StatueGlass.uasset" 348
"../../../../../../Users/User/Documents/GitHub/RealtimeClothSimulationinUE4/ClothSimulation/Content/StarterContent/Props/SM_Statue.uasset" 349
"../../../../../../Users/User/Documents/GitHub/RealtimeClothSimulationinUE4/ClothSimulation/Content/StarterContent/Props/SM_Chair.uasset" 350
"../../../../../../Users/User/Documents/GitHub/RealtimeClothSimulationinUE4/ClothSimulation/Content/StarterContent/Textures/T_Metal_Copper_D.uasset" 351
"../../../../../../Users/User/Documents/GitHub/RealtimeClothSimulationinUE4/ClothSimulation/Content/StarterContent/Textures/T_MacroVariation.uasset" 352
"../../../../../../Users/User/Documents/GitHub/RealtimeClothSimulationinUE4/ClothSimulation/Content/StarterContent/Materials/M_Metal_Copper.uasset" 353
"../../../../../../Users/User/Documents/GitHub/RealtimeClothSimulationinUE4/ClothSimulation/Content/StarterContent/Textures/T_Metal_Aluminum_D.uasset" 354
"../../../../../../Users/User/Documents/GitHub/RealtimeClothSimulationinUE4/ClothSimulation/Content/StarterContent/Materials/M_Metal_Burnished_Steel.uasset" 355
"../../../../../../Users/User/Documents/GitHub/RealtimeClothSimulationinUE4/ClothSimulation/Content/StarterContent/Materials/M_Metal_Brushed_Nickel.uasset" 356
"../../../Engine/Content/EngineSky/T_Sky_Stars.uasset" 357
"../../../Engine/Content/EngineSky/T_Sky_Clouds_M.uasset" 358
"../../../Engine/Content/EngineSky/T_Sky_Blue.uasset" 359
"../../../Engine/Content/EngineSky/M_Sky_Panning_Clouds2.uasset" 360
"../../../../../../Users/User/Documents/GitHub/RealtimeClothSimulationinUE4/ClothSimulation/Content/StarterContent/Maps/Minimal_Default_BuiltData.uasset" 361
"../../../Engine/Content/EngineSky/SM_SkySphere.uasset" 362
"../../../Engine/Content/EngineSky/C_Sky_Zenith_Color.uasset" 363
"../../../Engine/Content/EngineSky/C_Sky_Horizon_Color.uasset" 364
"../../../Engine/Content/EngineSky/C_Sky_Cloud_Color.uasset" 365
"../../../Engine/Content/EditorBlueprintResources/StandardMacros.uasset" 366
"../../../Engine/Content/EngineSky/BP_Sky_Sphere.uasset" 367
"../../../../../../Users/User/Documents/GitHub/RealtimeClothSimulationinUE4/ClothSimulation/Content/StarterContent/Maps/Minimal_Default.umap" 368
"../../../../../../Users/User/Documents/GitHub/RealtimeClothSimulationinUE4/ClothSimulation/Content/StarterContent/Textures/T_Lamp_N.uasset" 369
"../../../../../../Users/User/Documents/GitHub/RealtimeClothSimulationinUE4/ClothSimulation/Content/StarterContent/Textures/T_Lamp_M.uasset" 370
"../../../../../../Users/User/Documents/GitHub/RealtimeClothSimulationinUE4/ClothSimulation/Content/StarterContent/Props/Materials/M_Lamp.uasset" 371
"../../../../../../Users/User/Documents/GitHub/RealtimeClothSimulationinUE4/ClothSimulation/Content/StarterContent/Props/SM_Lamp_Wall.uasset" 372
"../../../../../../Users/User/Documents/GitHub/RealtimeClothSimulationinUE4/ClothSimulation/Content/StarterContent/Blueprints/Blueprint_WallSconce.uasset" 373
"../../../../../../Users/User/Documents/GitHub/RealtimeClothSimulationinUE4/ClothSimulation/Content/StarterContent/Particles/P_Steam_Lit.uasset" 374
"../../../../../../Users/User/Documents/GitHub/RealtimeClothSimulationinUE4/ClothSimulation/Content/StarterContent/Audio/Steam01_Cue.uasset" 375
"../../../../../../Users/User/Documents/GitHub/RealtimeClothSimulationinUE4/ClothSimulation/Content/StarterContent/Blueprints/Blueprint_Effect_Steam.uasset" 376
"../../../../../../Users/User/Documents/GitHub/RealtimeClothSimulationinUE4/ClothSimulation/Content/StarterContent/Textures/T_Spark_Core.uasset" 377
"../../../../../../Users/User/Documents/GitHub/RealtimeClothSimulationinUE4/ClothSimulation/Content/StarterContent/Particles/Materials/M_Spark.uasset" 378
"../../../../../../Users/User/Documents/GitHub/RealtimeClothSimulationinUE4/ClothSimulation/Content/StarterContent/Particles/Materials/M_Radial_Gradient.uasset" 379
"../../../../../../Users/User/Documents/GitHub/RealtimeClothSimulationinUE4/ClothSimulation/Content/StarterContent/Particles/P_Sparks.uasset" 380
"../../../../../../Users/User/Documents/GitHub/RealtimeClothSimulationinUE4/ClothSimulation/Content/StarterContent/Audio/Fire_Sparks01_Cue.uasset" 381
"../../../../../../Users/User/Documents/GitHub/RealtimeClothSimulationinUE4/ClothSimulation/Content/StarterContent/Blueprints/Blueprint_Effect_Sparks.uasset" 382
"../../../../../../Users/User/Documents/GitHub/RealtimeClothSimulationinUE4/ClothSimulation/Content/StarterContent/Particles/P_Smoke.uasset" 383
"../../../../../../Users/User/Documents/GitHub/RealtimeClothSimulationinUE4/ClothSimulation/Content/StarterContent/Audio/Smoke01_Cue.uasset" 384
"../../../../../../Users/User/Documents/GitHub/RealtimeClothSimulationinUE4/ClothSimulation/Content/StarterContent/Blueprints/Blueprint_Effect_Smoke.uasset" 385
"../../../../../../Users/User/Documents/GitHub/RealtimeClothSimulationinUE4/ClothSimulation/Content/StarterContent/Textures/T_Water_N.uasset" 386
"../../../../../../Users/User/Documents/GitHub/RealtimeClothSimulationinUE4/ClothSimulation/Content/StarterContent/Particles/Materials/M_Heat_Distortion.uasset" 387
"../../../../../../Users/User/Documents/GitHub/RealtimeClothSimulationinUE4/ClothSimulation/Content/StarterContent/Textures/T_Fire_Tiled_D.uasset" 388
"../../../../../../Users/User/Documents/GitHub/RealtimeClothSimulationinUE4/ClothSimulation/Content/StarterContent/Textures/T_Fire_SubUV.uasset" 389
"../../../../../../Users/User/Documents/GitHub/RealtimeClothSimulationinUE4/ClothSimulation/Content/StarterContent/Particles/Materials/M_Fire_SubUV.uasset" 390
"../../../../../../Users/User/Documents/GitHub/RealtimeClothSimulationinUE4/ClothSimulation/Content/StarterContent/Particles/P_Fire.uasset" 391
"../../../../../../Users/User/Documents/GitHub/RealtimeClothSimulationinUE4/ClothSimulation/Content/StarterContent/Audio/Fire01_Cue.uasset" 392
"../../../../../../Users/User/Documents/GitHub/RealtimeClothSimulationinUE4/ClothSimulation/Content/StarterContent/Blueprints/Blueprint_Effect_Fire.uasset" 393
"../../../../../../Users/User/Documents/GitHub/RealtimeClothSimulationinUE4/ClothSimulation/Content/StarterContent/Props/SM_Lamp_Ceiling.uasset" 394
"../../../../../../Users/User/Documents/GitHub/RealtimeClothSimulationinUE4/ClothSimulation/Content/StarterContent/Blueprints/Blueprint_CeilingLight.uasset" 395
"../../../../../../Users/User/Documents/GitHub/RealtimeClothSimulationinUE4/ClothSimulation/Content/StarterContent/Audio/Starter_Music_Cue.uasset" 396
"../../../../../../Users/User/Documents/GitHub/RealtimeClothSimulationinUE4/ClothSimulation/Content/StarterContent/Audio/Collapse_Cue.uasset" 397
"../../../../../../Users/User/Documents/GitHub/RealtimeClothSimulationinUE4/ClothSimulation/Content/StarterContent/Architecture/Wall_Window_400x300.uasset" 398
"../../../../../../Users/User/Documents/GitHub/RealtimeClothSimulationinUE4/ClothSimulation/Content/StarterContent/Architecture/Wall_Door_400x300.uasset" 399
"../../../../../../Users/User/Documents/GitHub/RealtimeClothSimulationinUE4/ClothSimulation/Content/StarterContent/Architecture/Wall_400x200.uasset" 400
"../../../../../../Users/User/Documents/GitHub/RealtimeClothSimulationinUE4/ClothSimulation/Content/StarterContent/Shapes/Shape_Sphere.uasset" 401
"../../../../../../Users/User/Documents/GitHub/RealtimeClothSimulationinUE4/ClothSimulation/Content/StarterContent/Shapes/Shape_QuadPyramid.uasset" 402
"../../../../../../Users/User/Documents/GitHub/RealtimeClothSimulationinUE4/ClothSimulation/Content/StarterContent/Shapes/Shape_Cube.uasset" 403
"../../../../../../Users/User/Documents/GitHub/RealtimeClothSimulationinUE4/ClothSimulation/Content/StarterContent/Textures/T_Frame_N.uasset" 404
"../../../../../../Users/User/Documents/GitHub/RealtimeClothSimulationinUE4/ClothSimulation/Content/StarterContent/Textures/T_Frame_M.uasset" 405
"../../../../../../Users/User/Documents/GitHub/RealtimeClothSimulationinUE4/ClothSimulation/Content/StarterContent/Props/Materials/M_Frame.uasset" 406
"../../../../../../Users/User/Documents/GitHub/RealtimeClothSimulationinUE4/ClothSimulation/Content/StarterContent/Props/SM_WindowFrame.uasset" 407
"../../../../../../Users/User/Documents/GitHub/RealtimeClothSimulationinUE4/ClothSimulation/Content/StarterContent/Props/SM_PillarFrame300.uasset" 408
"../../../../../../Users/User/Documents/GitHub/RealtimeClothSimulationinUE4/ClothSimulation/Content/StarterContent/Props/SM_PillarFrame.uasset" 409
"../../../../../../Users/User/Documents/GitHub/RealtimeClothSimulationinUE4/ClothSimulation/Content/StarterContent/Props/SM_GlassWindow.uasset" 410
"../../../../../../Users/User/Documents/GitHub/RealtimeClothSimulationinUE4/ClothSimulation/Content/StarterContent/Props/SM_DoorFrame.uasset" 411
"../../../../../../Users/User/Documents/GitHub/RealtimeClothSimulationinUE4/ClothSimulation/Content/StarterContent/Props/SM_CornerFrame.uasset" 412
"../../../../../../Users/User/Documents/GitHub/RealtimeClothSimulationinUE4/ClothSimulation/Content/StarterContent/Props/MaterialSphere.uasset" 413
"../../../../../../Users/User/Documents/GitHub/RealtimeClothSimulationinUE4/ClothSimulation/Content/StarterContent/Textures/T_Dust_Particle_D.uasset" 414
"../../../../../../Users/User/Documents/GitHub/RealtimeClothSimulationinUE4/ClothSimulation/Content/StarterContent/Particles/Materials/M_Dust_Particle.uasset" 415
"../../../../../../Users/User/Documents/GitHub/RealtimeClothSimulationinUE4/ClothSimulation/Content/StarterContent/Particles/P_Ambient_Dust.uasset" 416
"../../../../../../Users/User/Documents/GitHub/RealtimeClothSimulationinUE4/ClothSimulation/Content/StarterContent/Textures/T_Wood_Walnut_N.uasset" 417
"../../../../../../Users/User/Documents/GitHub/RealtimeClothSimulationinUE4/ClothSimulation/Content/StarterContent/Textures/T_Wood_Walnut_D.uasset" 418
"../../../../../../Users/User/Documents/GitHub/RealtimeClothSimulationinUE4/ClothSimulation/Content/StarterContent/Materials/M_Wood_Walnut.uasset" 419
"../../../../../../Users/User/Documents/GitHub/RealtimeClothSimulationinUE4/ClothSimulation/Content/StarterContent/Textures/T_Wood_Pine_N.uasset" 420
"../../../../../../Users/User/Documents/GitHub/RealtimeClothSimulationinUE4/ClothSimulation/Content/StarterContent/Textures/T_Wood_Pine_D.uasset" 421
"../../../../../../Users/User/Documents/GitHub/RealtimeClothSimulationinUE4/ClothSimulation/Content/StarterContent/Materials/M_Wood_Pine.uasset" 422
"../../../../../../Users/User/Documents/GitHub/RealtimeClothSimulationinUE4/ClothSimulation/Content/StarterContent/Textures/T_Wood_Oak_N.uasset" 423
"../../../../../../Users/User/Documents/GitHub/RealtimeClothSimulationinUE4/ClothSimulation/Content/StarterContent/Textures/T_Wood_Oak_D.uasset" 424
"../../../../../../Users/User/Documents/GitHub/RealtimeClothSimulationinUE4/ClothSimulation/Content/StarterContent/Materials/M_Wood_Oak.uasset" 425
"../../../Engine/Content/Functions/Engine_MaterialFunctions01/Opacity/AlphaOffset.uasset" 426
"../../../../../../Users/User/Documents/GitHub/RealtimeClothSimulationinUE4/ClothSimulation/Content/StarterContent/Textures/T_Wood_Floor_Walnut_N.uasset" 427
"../../../../../../Users/User/Documents/GitHub/RealtimeClothSimulationinUE4/ClothSimulation/Content/StarterContent/Textures/T_Wood_Floor_Walnut_M.uasset" 428
"../../../../../../Users/User/Documents/GitHub/RealtimeClothSimulationinUE4/ClothSimulation/Content/StarterContent/Textures/T_Wood_Floor_Walnut_D.uasset" 429
"../../../../../../Users/User/Documents/GitHub/RealtimeClothSimulationinUE4/ClothSimulation/Content/StarterContent/Materials/M_Wood_Floor_Walnut_Worn.uasset" 430
"../../../../../../Users/User/Documents/GitHub/RealtimeClothSimulationinUE4/ClothSimulation/Content/StarterContent/Materials/M_Wood_Floor_Walnut_Polished.uasset" 431
"../../../../../../Users/User/Documents/GitHub/RealtimeClothSimulationinUE4/ClothSimulation/Content/StarterContent/Textures/T_Water_M.uasset" 432
"../../../../../../Users/User/Documents/GitHub/RealtimeClothSimulationinUE4/ClothSimulation/Content/StarterContent/Materials/M_Water_Ocean.uasset" 433
"../../../../../../Users/User/Documents/GitHub/RealtimeClothSimulationinUE4/ClothSimulation/Content/StarterContent/Materials/M_Water_Lake.uasset" 434
"../../../../../../Users/User/Documents/GitHub/RealtimeClothSimulationinUE4/ClothSimulation/Content/StarterContent/Textures/T_Tech_Panel_N.uasset" 435
"../../../../../../Users/User/Documents/GitHub/RealtimeClothSimulationinUE4/ClothSimulation/Content/StarterContent/Textures/T_Tech_Panel_M.uasset" 436
"../../../../../../Users/User/Documents/GitHub/RealtimeClothSimulationinUE4/ClothSimulation/Content/StarterContent/Textures/T_Metal_Steel_D.uasset" 437
"../../../../../../Users/User/Documents/GitHub/RealtimeClothSimulationinUE4/ClothSimulation/Content/StarterContent/Materials/M_Tech_Panel.uasset" 438
"../../../../../../Users/User/Documents/GitHub/RealtimeClothSimulationinUE4/ClothSimulation/Content/StarterContent/Textures/T_Tech_Hex_Tile_N.uasset" 439
"../../../../../../Users/User/Documents/GitHub/RealtimeClothSimulationinUE4/ClothSimulation/Content/StarterContent/Textures/T_Tech_Hex_Tile_M.uasset" 440
"../../../../../../Users/User/Documents/GitHub/RealtimeClothSimulationinUE4/ClothSimulation/Content/StarterContent/Materials/M_Tech_Hex_Tile_Pulse.uasset" 441
"../../../../../../Users/User/Documents/GitHub/RealtimeClothSimulationinUE4/ClothSimulation/Content/StarterContent/Materials/M_Tech_Hex_Tile.uasset" 442
"../../../../../../Users/User/Documents/GitHub/RealtimeClothSimulationinUE4/ClothSimulation/Content/StarterContent/Textures/T_Tech_Dot_N.uasset" 443
"../../../../../../Users/User/Documents/GitHub/RealtimeClothSimulationinUE4/ClothSimulation/Content/StarterContent/Textures/T_Tech_Dot_M.uasset" 444
"../../../../../../Users/User/Documents/GitHub/RealtimeClothSimulationinUE4/ClothSimulation/Content/StarterContent/Textures/T_Single_Tile_N.uasset" 445
"../../../../../../Users/User/Documents/GitHub/RealtimeClothSimulationinUE4/ClothSimulation/Content/StarterContent/Textures/T_Checker_Noise_M.uasset" 446
"../../../../../../Users/User/Documents/GitHub/RealtimeClothSimulationinUE4/ClothSimulation/Content/StarterContent/Materials/M_Tech_Checker_Dot.uasset" 447
"../../../../../../Users/User/Documents/GitHub/RealtimeClothSimulationinUE4/ClothSimulation/Content/StarterContent/Textures/T_Rock_Slate_N.uasset" 448
"../../../../../../Users/User/Documents/GitHub/RealtimeClothSimulationinUE4/ClothSimulation/Content/StarterContent/Textures/T_Rock_Slate_D.uasset" 449
"../../../../../../Users/User/Documents/GitHub/RealtimeClothSimulationinUE4/ClothSimulation/Content/StarterContent/Materials/M_Rock_Slate.uasset" 450
"../../../../../../Users/User/Documents/GitHub/RealtimeClothSimulationinUE4/ClothSimulation/Content/StarterContent/Textures/T_Rock_Sandstone_N.uasset" 451
"../../../../../../Users/User/Documents/GitHub/RealtimeClothSimulationinUE4/ClothSimulation/Content/StarterContent/Textures/T_Rock_Sandstone_D.uasset" 452
"../../../../../../Users/User/Documents/GitHub/RealtimeClothSimulationinUE4/ClothSimulation/Content/StarterContent/Materials/M_Rock_Sandstone.uasset" 453
"../../../../../../Users/User/Documents/GitHub/RealtimeClothSimulationinUE4/ClothSimulation/Content/StarterContent/Textures/T_Rock_Basalt_N.uasset" 454
"../../../../../../Users/User/Documents/GitHub/RealtimeClothSimulationinUE4/ClothSimulation/Content/StarterContent/Materials/M_Rock_Basalt.uasset" 455
"../../../../../../Users/User/Documents/GitHub/RealtimeClothSimulationinUE4/ClothSimulation/Content/StarterContent/Textures/T_Metal_Steel_N.uasset" 456
"../../../../../../Users/User/Documents/GitHub/RealtimeClothSimulationinUE4/ClothSimulation/Content/StarterContent/Materials/M_Metal_Steel.uasset" 457
"../../../../../../Users/User/Documents/GitHub/RealtimeClothSimulationinUE4/ClothSimulation/Content/StarterContent/Textures/T_Metal_Rust_D.uasset" 458
"../../../../../../Users/User/Documents/GitHub/RealtimeClothSimulationinUE4/ClothSimulation/Content/StarterContent/Textures/T_Metal_Rust_N.uasset" 459
"../../../../../../Users/User/Documents/GitHub/RealtimeClothSimulationinUE4/ClothSimulation/Content/StarterContent/Materials/M_Metal_Rust.uasset" 460
"../../../../../../Users/User/Documents/GitHub/RealtimeClothSimulationinUE4/ClothSimulation/Content/StarterContent/Textures/T_Metal_Gold_D.uasset" 461
"../../../../../../Users/User/Documents/GitHub/RealtimeClothSimulationinUE4/ClothSimulation/Content/StarterContent/Materials/M_Metal_Gold.uasset" 462
"../../../../../../Users/User/Documents/GitHub/RealtimeClothSimulationinUE4/ClothSimulation/Content/StarterContent/Materials/M_Metal_Chrome.uasset" 463
"../../../../../../Users/User/Documents/GitHub/RealtimeClothSimulationinUE4/ClothSimulation/Content/StarterContent/Textures/T_Ground_Moss_N.uasset" 464
"../../../../../../Users/User/Documents/GitHub/RealtimeClothSimulationinUE4/ClothSimulation/Content/StarterContent/Textures/T_ground_Moss_D.uasset" 465
"../../../../../../Users/User/Documents/GitHub/RealtimeClothSimulationinUE4/ClothSimulation/Content/StarterContent/Materials/M_Ground_Moss.uasset" 466
"../../../../../../Users/User/Documents/GitHub/RealtimeClothSimulationinUE4/ClothSimulation/Content/StarterContent/Textures/T_Ground_Gravel_N.uasset" 467
"../../../../../../Users/User/Documents/GitHub/RealtimeClothSimulationinUE4/ClothSimulation/Content/StarterContent/Textures/T_Ground_Gravel_D.uasset" 468
"../../../../../../Users/User/Documents/GitHub/RealtimeClothSimulationinUE4/ClothSimulation/Content/StarterContent/Materials/M_Ground_Gravel.uasset" 469
"../../../../../../Users/User/Documents/GitHub/RealtimeClothSimulationinUE4/ClothSimulation/Content/StarterContent/Textures/T_Ground_Grass_N.uasset" 470
"../../../../../../Users/User/Documents/GitHub/RealtimeClothSimulationinUE4/ClothSimulation/Content/StarterContent/Textures/T_Ground_Grass_D.uasset" 471
"../../../../../../Users/User/Documents/GitHub/RealtimeClothSimulationinUE4/ClothSimulation/Content/StarterContent/Materials/M_Ground_Grass.uasset" 472
"../../../../../../Users/User/Documents/GitHub/RealtimeClothSimulationinUE4/ClothSimulation/Content/StarterContent/Textures/T_Concrete_Tiles_Variation_M.uasset" 473
"../../../../../../Users/User/Documents/GitHub/RealtimeClothSimulationinUE4/ClothSimulation/Content/StarterContent/Textures/T_Concrete_Tiles_N.uasset" 474
"../../../../../../Users/User/Documents/GitHub/RealtimeClothSimulationinUE4/ClothSimulation/Content/StarterContent/Textures/T_Concrete_Tiles_M.uasset" 475
"../../../../../../Users/User/Documents/GitHub/RealtimeClothSimulationinUE4/ClothSimulation/Content/StarterContent/Textures/T_Concrete_Tiles_D.uasset" 476
"../../../../../../Users/User/Documents/GitHub/RealtimeClothSimulationinUE4/ClothSimulation/Content/StarterContent/Materials/M_Concrete_Tiles.uasset" 477
"../../../../../../Users/User/Documents/GitHub/RealtimeClothSimulationinUE4/ClothSimulation/Content/StarterContent/Textures/T_Concrete_Panels_N.uasset" 478
"../../../../../../Users/User/Documents/GitHub/RealtimeClothSimulationinUE4/ClothSimulation/Content/StarterContent/Textures/T_Concrete_Panels_D.uasset" 479
"../../../../../../Users/User/Documents/GitHub/RealtimeClothSimulationinUE4/ClothSimulation/Content/StarterContent/Materials/M_Concrete_Panels.uasset" 480
"../../../../../../Users/User/Documents/GitHub/RealtimeClothSimulationinUE4/ClothSimulation/Content/StarterContent/Textures/T_Concrete_Grime_D.uasset" 481
"../../../../../../Users/User/Documents/GitHub/RealtimeClothSimulationinUE4/ClothSimulation/Content/StarterContent/Materials/M_Concrete_Grime.uasset" 482
"../../../../../../Users/User/Documents/GitHub/RealtimeClothSimulationinUE4/ClothSimulation/Content/StarterContent/Textures/T_CobbleStone_Smooth_N.uasset" 483
"../../../../../../Users/User/Documents/GitHub/RealtimeClothSimulationinUE4/ClothSimulation/Content/StarterContent/Textures/T_CobbleStone_Smooth_M.uasset" 484
"../../../../../../Users/User/Documents/GitHub/RealtimeClothSimulationinUE4/ClothSimulation/Content/StarterContent/Textures/T_CobbleStone_Smooth_D.uasset" 485
"../../../../../../Users/User/Documents/GitHub/RealtimeClothSimulationinUE4/ClothSimulation/Content/StarterContent/Textures/T_Rock_Smooth_Granite_D.uasset" 486
"../../../../../../Users/User/Documents/GitHub/RealtimeClothSimulationinUE4/ClothSimulation/Content/StarterContent/Textures/T_Gradinet_01.uasset" 487
"../../../../../../Users/User/Documents/GitHub/RealtimeClothSimulationinUE4/ClothSimulation/Content/StarterContent/Materials/M_CobbleStone_Smooth.uasset" 488
"../../../../../../Users/User/Documents/GitHub/RealtimeClothSimulationinUE4/ClothSimulation/Content/StarterContent/Textures/T_CobbleStone_Rough_N.uasset" 489
"../../../../../../Users/User/Documents/GitHub/RealtimeClothSimulationinUE4/ClothSimulation/Content/StarterContent/Textures/T_CobbleStone_Rough_D.uasset" 490
"../../../../../../Users/User/Documents/GitHub/RealtimeClothSimulationinUE4/ClothSimulation/Content/StarterContent/Materials/M_CobbleStone_Rough.uasset" 491
"../../../../../../Users/User/Documents/GitHub/RealtimeClothSimulationinUE4/ClothSimulation/Content/StarterContent/Textures/T_CobbleStone_Pebble_N.uasset" 492
"../../../../../../Users/User/Documents/GitHub/RealtimeClothSimulationinUE4/ClothSimulation/Content/StarterContent/Textures/T_CobbleStone_Pebble_M.uasset" 493
"../../../../../../Users/User/Documents/GitHub/RealtimeClothSimulationinUE4/ClothSimulation/Content/StarterContent/Textures/T_CobbleStone_Pebble_D.uasset" 494
"../../../../../../Users/User/Documents/GitHub/RealtimeClothSimulationinUE4/ClothSimulation/Content/StarterContent/Materials/M_CobbleStone_Pebble.uasset" 495
"../../../../../../Users/User/Documents/GitHub/RealtimeClothSimulationinUE4/ClothSimulation/Content/StarterContent/Textures/T_Ceramic_Tile_N.uasset" 496
"../../../../../../Users/User/Documents/GitHub/RealtimeClothSimulationinUE4/ClothSimulation/Content/StarterContent/Textures/T_Ceramic_Tile_M.uasset" 497
"../../../../../../Users/User/Documents/GitHub/RealtimeClothSimulationinUE4/ClothSimulation/Content/StarterContent/Materials/M_Ceramic_Tile_Checker.uasset" 498
"../../../../../../Users/User/Documents/GitHub/RealtimeClothSimulationinUE4/ClothSimulation/Content/StarterContent/Textures/T_Brick_Hewn_Stone_N.uasset" 499
"../../../../../../Users/User/Documents/GitHub/RealtimeClothSimulationinUE4/ClothSimulation/Content/StarterContent/Textures/T_Brick_Hewn_Stone_M.uasset" 500
"../../../../../../Users/User/Documents/GitHub/RealtimeClothSimulationinUE4/ClothSimulation/Content/StarterContent/Textures/T_Brick_Hewn_Stone_D.uasset" 501
"../../../../../../Users/User/Documents/GitHub/RealtimeClothSimulationinUE4/ClothSimulation/Content/StarterContent/Materials/M_Brick_Hewn_Stone.uasset" 502
"../../../../../../Users/User/Documents/GitHub/RealtimeClothSimulationinUE4/ClothSimulation/Content/StarterContent/Textures/T_Brick_Cut_Stone_N.uasset" 503
"../../../../../../Users/User/Documents/GitHub/RealtimeClothSimulationinUE4/ClothSimulation/Content/StarterContent/Textures/T_Brick_Cut_Stone_D.uasset" 504
"../../../../../../Users/User/Documents/GitHub/RealtimeClothSimulationinUE4/ClothSimulation/Content/StarterContent/Materials/M_Brick_Cut_Stone.uasset" 505
"../../../../../../Users/User/Documents/GitHub/RealtimeClothSimulationinUE4/ClothSimulation/Content/StarterContent/Textures/T_Brick_Clay_Old_N.uasset" 506
"../../../../../../Users/User/Documents/GitHub/RealtimeClothSimulationinUE4/ClothSimulation/Content/StarterContent/Textures/T_Brick_Clay_Old_D.uasset" 507
"../../../../../../Users/User/Documents/GitHub/RealtimeClothSimulationinUE4/ClothSimulation/Content/StarterContent/Materials/M_Brick_Clay_Old.uasset" 508
"../../../../../../Users/User/Documents/GitHub/RealtimeClothSimulationinUE4/ClothSimulation/Content/StarterContent/Textures/T_Brick_Clay_New_N.uasset" 509
"../../../../../../Users/User/Documents/GitHub/RealtimeClothSimulationinUE4/ClothSimulation/Content/StarterContent/Textures/T_Brick_Clay_New_M.uasset" 510
"../../../../../../Users/User/Documents/GitHub/RealtimeClothSimulationinUE4/ClothSimulation/Content/StarterContent/Textures/T_Brick_Clay_New_D.uasset" 511
"../../../../../../Users/User/Documents/GitHub/RealtimeClothSimulationinUE4/ClothSimulation/Content/StarterContent/Materials/M_Brick_Clay_New.uasset" 512
"../../../../../../Users/User/Documents/GitHub/RealtimeClothSimulationinUE4/ClothSimulation/Content/StarterContent/Textures/T_Brick_Clay_Beveled_N.uasset" 513
"../../../../../../Users/User/Documents/GitHub/RealtimeClothSimulationinUE4/ClothSimulation/Content/StarterContent/Textures/T_Brick_Clay_Beveled_M.uasset" 514
"../../../../../../Users/User/Documents/GitHub/RealtimeClothSimulationinUE4/ClothSimulation/Content/StarterContent/Textures/T_Brick_Clay_Beveled_D.uasset" 515
"../../../../../../Users/User/Documents/GitHub/RealtimeClothSimulationinUE4/ClothSimulation/Content/StarterContent/Materials/M_Brick_Clay_Beveled.uasset" 516
"../../../Engine/Content/Functions/Engine_MaterialFunctions03/Procedurals/ComputeFilterWidth.uasset" 517
"../../../Engine/Content/EngineMaterials/AntiAliasedTextMaterialTranslucent.uasset" 518
"../../../../../../Users/User/Documents/GitHub/RealtimeClothSimulationinUE4/ClothSimulation/Content/StarterContent/Maps/StarterMap_BuiltData.uasset" 519
"../../../../../../Users/User/Documents/GitHub/RealtimeClothSimulationinUE4/ClothSimulation/Content/StarterContent/Textures/T_Concrete_Poured_N.uasset" 520
"../../../../../../Users/User/Documents/GitHub/RealtimeClothSimulationinUE4/ClothSimulation/Content/StarterContent/Textures/T_Concrete_Poured_D.uasset" 521
"../../../../../../Users/User/Documents/GitHub/RealtimeClothSimulationinUE4/ClothSimulation/Content/StarterContent/Materials/M_Concrete_Poured.uasset" 522
"../../../../../../Users/User/Documents/GitHub/RealtimeClothSimulationinUE4/ClothSimulation/Content/StarterContent/Maps/StarterMap.umap" 523
"../../../../../../Users/User/Documents/GitHub/RealtimeClothSimulationinUE4/ClothSimulation/Content/Geometry/Meshes/CubeMaterial.uasset" 524
"../../../../../../Users/User/Documents/GitHub/RealtimeClothSimulationinUE4/ClothSimulation/Content/Geometry/Meshes/1M_Cube_Chamfer.uasset" 525
"../../../../../../Users/User/Documents/GitHub/RealtimeClothSimulationinUE4/ClothSimulation/Content/Geometry/Meshes/TemplateFloor.uasset" 526
"../../../Engine/Content/BasicShapes/Sphere.uasset" 527
"../../../Engine/Content/BasicShapes/BasicShapeMaterial.uasset" 528
"../../../../../../Users/User/Documents/GitHub/RealtimeClothSimulationinUE4/ClothSimulation/Content/ThirdPersonCPP/Maps/ThirdPersonExampleMap_BuiltData.uasset" 529
"../../../../../../Users/User/Documents/GitHub/RealtimeClothSimulationinUE4/ClothSimulation/Content/Mannequin/Animations/ThirdPersonWalk.uasset" 530
"../../../../../../Users/User/Documents/GitHub/RealtimeClothSimulationinUE4/ClothSimulation/Content/Mannequin/Animations/ThirdPersonRun.uasset" 531
"../../../../../../Users/User/Documents/GitHub/RealtimeClothSimulationinUE4/ClothSimulation/Content/Mannequin/Animations/ThirdPersonIdle.uasset" 532
"../../../../../../Users/User/Documents/GitHub/RealtimeClothSimulationinUE4/ClothSimulation/Content/Mannequin/Animations/ThirdPerson_IdleRun_2D.uasset" 533
"../../../../../../Users/User/Documents/GitHub/RealtimeClothSimulationinUE4/ClothSimulation/Content/Mannequin/Animations/ThirdPerson_Jump.uasset" 534
"../../../../../../Users/User/Documents/GitHub/RealtimeClothSimulationinUE4/ClothSimulation/Content/Mannequin/Animations/ThirdPersonJump_Loop.uasset" 535
"../../../../../../Users/User/Documents/GitHub/RealtimeClothSimulationinUE4/ClothSimulation/Content/Mannequin/Animations/ThirdPersonJump_Start.uasset" 536
"../../../../../../Users/User/Documents/GitHub/RealtimeClothSimulationinUE4/ClothSimulation/Content/Mannequin/Animations/ThirdPerson_AnimBP.uasset" 537
"../../../../../../Users/User/Documents/GitHub/RealtimeClothSimulationinUE4/ClothSimulation/Content/Mannequin/Character/Mesh/SK_Mannequin_PhysicsAsset.uasset" 538
"../../../../../../Users/User/Documents/GitHub/RealtimeClothSimulationinUE4/ClothSimulation/Content/Mannequin/Character/Mesh/SK_Mannequin.uasset" 539
"../../../../../../Users/User/Documents/GitHub/RealtimeClothSimulationinUE4/ClothSimulation/Content/ThirdPersonCPP/Blueprints/ThirdPersonCharacter.uasset" 540
"../../../../../../Users/User/Documents/GitHub/RealtimeClothSimulationinUE4/ClothSimulation/Content/ThirdPersonCPP/Blueprints/NewBlueprint1.uasset" 541
"../../../../../../Users/User/Documents/GitHub/RealtimeClothSimulationinUE4/ClothSimulation/Content/ThirdPersonCPP/istockphoto-1390288685-170667a.uasset" 542
"../../../../../../Users/User/Documents/GitHub/RealtimeClothSimulationinUE4/ClothSimulation/Content/ThirdPersonCPP/M_Custom_2.uasset" 543
"../../../../../../Users/User/Documents/GitHub/RealtimeClothSimulationinUE4/ClothSimulation/Content/ThirdPersonCPP/Maps/ThirdPersonExampleMap.umap" 544
"../../../Engine/Content/Maps/Entry_BuiltData.uasset" 545
"../../../Engine/Content/Maps/Entry.umap" 546
